[36mvite v5.4.21 [32mbuilding for production...[36m[39m
transforming...
[32mΓ£ô[39m 505 modules transformed.
node.exe : 
[31mx[39m Build 
failed in 5.56s
At line:1 char:1
+ & "C:\Program Files\
nodejs/node.exe" 
"C:\Program 
Files\nodejs/node_mo 
...
+ ~~~~~~~~~~~~~~~~~~~~
~~~~~~~~~~~~~~~~~~~~~~
~~~~~~~~~~~~~~~~~~~~~~
~~~~~
    + CategoryInfo    
          : NotSpeci  
  fied: ([31mx[39   
 m Build failed in    
 5.56s:String) []    
, RemoteException
    + FullyQualifiedE 
   rrorId : NativeCo  
  mmandError
 
[31merror during 
build:
[31m[vite:terser] 
terser not found. 
Since Vite v3, terser 
has become an 
optional dependency. 
You need to install 
it.[31m
    at loadTerserPath 
(file:///D:/MY%20DESIG
NS/payscleep/node_modu
les/vite/dist/node/chu
nks/dep-BK3b2jBa.js:19
705:13)
    at 
Object.renderChunk (fi
le:///D:/MY%20DESIGNS/
payscleep/node_modules
/vite/dist/node/chunks
/dep-BK3b2jBa.js:19740
:27)
    at file:///D:/MY%2
0DESIGNS/payscleep/nod
e_modules/rollup/dist/
es/shared/node-entry.j
s:22527:40
    at process.process
TicksAndRejections (no
de:internal/process/ta
sk_queues:103:5)[39m
